{
    "RIFFHeader": {
        "ChunkSize": 7488
    },
    "LengthOfHeader": 16,
    "AudioFormat": 1,
    "NumChannels": 1,
    "SampleRate": 8000,
    "BytesPerSec": 16000,
    "BytesPerBloc": 2,
    "BitsPerSample": 16,
    "DataBlockSize": 7418
}